// Jest Snapshot v1, https://goo.gl/fbAQLP

exports[`renders 1`] = `
<DocumentFragment>
  <div>
    <nav
      aria-label="main navigation"
      class="navbar is-fresh is-transparent no-shadow"
      role="navigation"
    >
      <section
        class="container"
      >
        <a
          aria-expanded="false"
          aria-label="menu"
          class="navbar-burger"
          data-target="navbar-menu"
          role="button"
        >
          <span
            aria-hidden="true"
          />
          <span
            aria-hidden="true"
          />
          <span
            aria-hidden="true"
          />
        </a>
        <div
          class="navbar-menu is-static"
          id="navbar-menu"
        >
          <div
            class="navbar-start"
          >
            <a
              class="navbar-item nav-title"
              href="/"
            >
              FRED
            </a>
          </div>
          <div
            class="navbar-end"
          >
            <a
              class="navbar-item is-secondary"
              data-testid="nav-register"
              href="/register"
            >
              Register
            </a>
            <a
              class="navbar-item is-secondary"
              data-testid="nav-login"
              href="/login"
            >
              Log In
            </a>
          </div>
        </div>
      </section>
    </nav>
    <div>
      <div>
        <section
          class="hero is-fullheight is-default is-bold"
        >
          <div
            class="hero-body"
          >
            <div
              class="container"
            >
              <div
                class="columns is-vcentered"
              >
                <div
                  class="column is-5 is-offset-1 landing-caption"
                >
                  <h1
                    class="title is-1 is-bold is-spaced"
                  >
                    Meet FRED
                  </h1>
                  <h2
                    class="subtitle is-5 is-muted"
                  >
                    Dig's An End-to-End Boilerplate for Full Stack Development
                  </h2>
                </div>
                <div
                  class="column is-5"
                >
                  <figure
                    class="image is-4by3"
                  >
                    <a
                      href="https://undraw.co/"
                    >
                      <img
                        alt="fred at work"
                        src="/img/illustrations/designer.svg"
                      />
                    </a>
                  </figure>
                </div>
              </div>
            </div>
          </div>
        </section>
      </div>
      <section
        class="section is-medium  has-background-image"
        data-background="img/bg.jpeg"
        data-color="#4FC1EA"
        data-color-opacity=".6"
      >
        <div
          class="overlay"
        />
        <div
          class="container"
        >
          <div
            class="title-wrapper has-text-centered"
          >
            <h2
              class="title is-2 light-text is-spaced"
            >
              Quotes of the Day
            </h2>
          </div>
          <div
            class="content-wrapper"
          >
            <div
              class="columns is-vcentered"
            />
          </div>
        </div>
      </section>
    </div>
  </div>
</DocumentFragment>
`;
